\BOOKMARK [1][-]{section.1}{\376\377\000I\000n\000t\000r\000o\000d\000u\000c\000t\000i\000o\000n}{}% 1
\BOOKMARK [1][-]{section.2}{\376\377\000R\000e\000l\000a\000t\000e\000d\000\040\000W\000o\000r\000k}{}% 2
\BOOKMARK [1][-]{section.3}{\376\377\000E\000x\000p\000e\000r\000i\000m\000e\000n\000t\000a\000l\000\040\000S\000e\000t\000u\000p}{}% 3
\BOOKMARK [1][-]{section.4}{\376\377\000R\000e\000a\000d\000i\000n\000g\000\040\000C\000o\000m\000p\000e\000t\000e\000n\000c\000e\000\040\000f\000r\000o\000m\000\040\000D\000u\000p\000l\000e\000x\000\040\000M\000o\000d\000e\000l\000s}{}% 4
\BOOKMARK [2][-]{subsection.4.1}{\376\377\000I\000n\000\040\000d\000i\000s\000t\000r\000i\000b\000u\000t\000i\000o\000n\000\040\000e\000v\000e\000r\000y\000\040\000r\000e\000a\000d\000o\000u\000t\000\040\000l\000o\000o\000k\000s\000\040\000f\000i\000n\000e\000;\000\040\000t\000r\000a\000n\000s\000f\000e\000r\000\040\000r\000e\000v\000e\000a\000l\000s\000\040\000t\000h\000e\000\040\000s\000h\000o\000r\000t\000c\000u\000t}{section.4}% 5
\BOOKMARK [2][-]{subsection.4.2}{\376\377\000T\000h\000e\000\040\000d\000a\000m\000a\000g\000e\000\040\000i\000s\000\040\000d\000u\000p\000l\000e\000x\000-\000s\000p\000e\000c\000i\000f\000i\000c\000;\000\040\000t\000h\000e\000\040\000s\000i\000g\000n\000a\000l\000\040\000s\000u\000r\000v\000i\000v\000e\000s\000\040\000m\000i\000d\000-\000n\000e\000t\000w\000o\000r\000k}{section.4}% 6
\BOOKMARK [2][-]{subsection.4.3}{\376\377\000T\000e\000x\000t\000-\000c\000a\000l\000i\000b\000r\000a\000t\000e\000d\000,\000\040\000s\000p\000e\000e\000c\000h\000-\000d\000e\000p\000l\000o\000y\000e\000d\000\040\040\024\000\040\000i\000n\000\040\000e\000n\000d\000-\000t\000o\000-\000e\000n\000d\000\040\000m\000o\000d\000e\000l\000s\000\040\000o\000n\000l\000y}{section.4}% 7
\BOOKMARK [1][-]{section.5}{\376\377\000F\000r\000o\000m\000\040\000S\000i\000g\000n\000a\000l\000\040\000t\000o\000\040\000G\000a\000t\000e}{}% 8
\BOOKMARK [1][-]{section.6}{\376\377\000L\000i\000v\000e\000\040\000E\000n\000d\000-\000o\000f\000-\000T\000u\000r\000n\000\040\000E\000s\000c\000a\000l\000a\000t\000i\000o\000n}{}% 9
\BOOKMARK [1][-]{section.7}{\376\377\000F\000r\000o\000z\000e\000n\000\040\000T\000r\000a\000n\000s\000f\000e\000r\000\040\000t\000o\000\040\000P\000u\000b\000l\000i\000c\000\040\000S\000p\000e\000e\000c\000h\000\040\000B\000e\000n\000c\000h\000m\000a\000r\000k\000s}{}% 10
\BOOKMARK [1][-]{section.8}{\376\377\000D\000i\000s\000c\000u\000s\000s\000i\000o\000n}{}% 11
\BOOKMARK [1][-]{appendix.A}{\376\377\000M\000o\000d\000e\000l\000\040\000r\000o\000s\000t\000e\000r}{}% 12
\BOOKMARK [1][-]{appendix.B}{\376\377\000E\000x\000t\000e\000n\000d\000e\000d\000\040\000s\000i\000g\000n\000a\000l\000\040\000a\000n\000d\000\040\000r\000e\000a\000d\000o\000u\000t\000\040\000a\000n\000a\000l\000y\000s\000e\000s}{}% 13
\BOOKMARK [1][-]{appendix.C}{\376\377\000S\000e\000c\000o\000n\000d\000\040\000d\000u\000p\000l\000e\000x\000\040\000f\000a\000m\000i\000l\000y\000:\000\040\000N\000e\000m\000o\000t\000r\000o\000n\000L\000a\000b\000s\000-\000V\000o\000i\000c\000e\000C\000h\000a\000t\000-\0001\0001\000B}{}% 14
\BOOKMARK [1][-]{appendix.D}{\376\377\000W\000h\000a\000t\000\040\000b\000r\000e\000a\000k\000s\000\040\000a\000t\000\040\000t\000h\000e\000\040\000o\000u\000t\000p\000u\000t\000:\000\040\000m\000e\000c\000h\000a\000n\000i\000s\000m\000\040\000a\000u\000d\000i\000t}{}% 15
\BOOKMARK [1][-]{appendix.E}{\376\377\000Q\000u\000e\000r\000y\000-\000s\000u\000r\000f\000a\000c\000e\000\040\000r\000o\000u\000t\000e\000r\000\040\000a\000u\000d\000i\000t}{}% 16
\BOOKMARK [1][-]{appendix.F}{\376\377\000G\000a\000t\000e\000\040\000t\000i\000m\000i\000n\000g\000\040\000d\000e\000t\000a\000i\000l\000s}{}% 17
\BOOKMARK [1][-]{appendix.G}{\376\377\000L\000i\000v\000e\000-\000l\000o\000o\000p\000\040\000d\000e\000t\000a\000i\000l\000s}{}% 18
\BOOKMARK [1][-]{appendix.H}{\376\377\000D\000u\000p\000l\000e\000x\000-\000v\000a\000l\000i\000d\000a\000t\000i\000o\000n\000\040\000s\000w\000e\000e\000p\000:\000\040\000t\000h\000e\000\040\000g\000a\000t\000e\000\040\000u\000n\000d\000e\000r\000\040\000t\000h\000e\000\040\000t\000a\000l\000k\000e\000r}{}% 19
\BOOKMARK [1][-]{appendix.I}{\376\377\000F\000i\000x\000e\000d\000-\000t\000h\000r\000e\000s\000h\000o\000l\000d\000\040\000t\000r\000a\000n\000s\000f\000e\000r\000\040\000a\000n\000d\000\040\000t\000h\000e\000\040\000e\000x\000p\000e\000r\000t\000-\000b\000e\000n\000e\000f\000i\000t\000\040\000o\000r\000a\000c\000l\000e}{}% 20
\BOOKMARK [1][-]{appendix.J}{\376\377\000T\000r\000a\000n\000s\000f\000e\000r\000\040\000l\000a\000t\000e\000n\000c\000y\000\040\000s\000h\000a\000p\000e\000s}{}% 21
\BOOKMARK [1][-]{appendix.K}{\376\377\000F\000u\000l\000l\000-\000p\000o\000o\000l\000\040\000a\000n\000d\000\040\000p\000e\000r\000-\000f\000a\000m\000i\000l\000y\000\040\000f\000i\000g\000u\000r\000e\000s}{}% 22
\BOOKMARK [1][-]{appendix.L}{\376\377\000E\000x\000t\000e\000r\000n\000a\000l\000-\000b\000e\000n\000c\000h\000m\000a\000r\000k\000\040\000f\000i\000g\000u\000r\000e\000\040\000s\000e\000t}{}% 23
\BOOKMARK [1][-]{appendix.M}{\376\377\000J\000u\000d\000g\000e\000\040\000a\000n\000d\000\040\000s\000e\000l\000f\000-\000e\000v\000a\000l\000u\000a\000t\000i\000o\000n\000\040\000p\000r\000o\000m\000p\000t\000s}{}% 24
\BOOKMARK [1][-]{appendix.N}{\376\377\000R\000e\000p\000r\000o\000d\000u\000c\000i\000b\000i\000l\000i\000t\000y}{}% 25
